16 images from validation, 800x608
  jpeg:
    jpeg      setting=   5    0.278 bpp  CR=  86.45  PSNR= 22.89 dB
    jpeg      setting=  10    0.470 bpp  CR=  51.05  PSNR= 25.98 dB
    jpeg      setting=  15    0.639 bpp  CR=  37.59  PSNR= 27.77 dB
    jpeg      setting=  20    0.782 bpp  CR=  30.70  PSNR= 28.97 dB
    jpeg      setting=  30    1.042 bpp  CR=  23.03  PSNR= 30.64 dB
    jpeg      setting=  40    1.254 bpp  CR=  19.14  PSNR= 31.77 dB
    jpeg      setting=  50    1.454 bpp  CR=  16.51  PSNR= 32.67 dB
    jpeg      setting=  70    1.978 bpp  CR=  12.14  PSNR= 34.75 dB
    jpeg      setting=  80    2.487 bpp  CR=   9.65  PSNR= 36.47 dB
    jpeg      setting=  85    2.902 bpp  CR=   8.27  PSNR= 37.78 dB
    jpeg      setting=  90    3.567 bpp  CR=   6.73  PSNR= 39.66 dB
    jpeg      setting=  93    4.164 bpp  CR=   5.76  PSNR= 41.47 dB
    jpeg      setting=  95    4.836 bpp  CR=   4.96  PSNR= 43.19 dB
    jpeg      setting=  97    5.918 bpp  CR=   4.06  PSNR= 45.55 dB
    jpeg      setting=  98    6.574 bpp  CR=   3.65  PSNR= 47.14 dB
  webp:
    webp      setting=   1    0.284 bpp  CR=  84.54  PSNR= 25.43 dB
    webp      setting=   5    0.381 bpp  CR=  62.98  PSNR= 26.78 dB
    webp      setting=  10    0.460 bpp  CR=  52.13  PSNR= 27.65 dB
    webp      setting=  20    0.591 bpp  CR=  40.58  PSNR= 28.91 dB
    webp      setting=  30    0.718 bpp  CR=  33.40  PSNR= 30.01 dB
    webp      setting=  40    0.842 bpp  CR=  28.51  PSNR= 30.98 dB
    webp      setting=  50    0.954 bpp  CR=  25.15  PSNR= 31.77 dB
    webp      setting=  70    1.212 bpp  CR=  19.80  PSNR= 33.34 dB
    webp      setting=  80    1.551 bpp  CR=  15.48  PSNR= 35.12 dB
    webp      setting=  85    1.909 bpp  CR=  12.57  PSNR= 36.67 dB
    webp      setting=  90    2.482 bpp  CR=   9.67  PSNR= 38.87 dB
    webp      setting=  93    3.015 bpp  CR=   7.96  PSNR= 40.40 dB
    webp      setting=  95    3.345 bpp  CR=   7.18  PSNR= 41.38 dB
    webp      setting=  98    4.093 bpp  CR=   5.86  PSNR= 42.89 dB
    webp      setting= 100    4.555 bpp  CR=   5.27  PSNR= 43.32 dB
  jpeg2000:
    jpeg2000  setting= 200    0.119 bpp  CR= 201.56  PSNR= 20.69 dB
    jpeg2000  setting= 150    0.159 bpp  CR= 150.70  PSNR= 21.50 dB
    jpeg2000  setting= 100    0.239 bpp  CR= 100.51  PSNR= 22.71 dB
    jpeg2000  setting=  80    0.299 bpp  CR=  80.23  PSNR= 23.39 dB
    jpeg2000  setting=  60    0.399 bpp  CR=  60.18  PSNR= 24.42 dB
    jpeg2000  setting=  50    0.479 bpp  CR=  50.09  PSNR= 25.17 dB
    jpeg2000  setting=  40    0.598 bpp  CR=  40.12  PSNR= 26.15 dB
    jpeg2000  setting=  30    0.799 bpp  CR=  30.03  PSNR= 27.42 dB
    jpeg2000  setting=  20    1.199 bpp  CR=  20.01  PSNR= 29.46 dB
    jpeg2000  setting=  15    1.598 bpp  CR=  15.02  PSNR= 30.97 dB
    jpeg2000  setting=  12    1.999 bpp  CR=  12.00  PSNR= 32.42 dB
    jpeg2000  setting=  10    2.399 bpp  CR=  10.00  PSNR= 33.79 dB
    jpeg2000  setting=   8    2.998 bpp  CR=   8.00  PSNR= 35.40 dB
    jpeg2000  setting=   6    3.999 bpp  CR=   6.00  PSNR= 38.03 dB
    jpeg2000  setting=   4    5.999 bpp  CR=   4.00  PSNR= 42.32 dB
    jpeg2000  setting=   3    7.996 bpp  CR=   3.00  PSNR= 46.00 dB
  avif:
    avif      setting=  63    0.108 bpp  CR= 222.65  PSNR= 22.33 dB
    avif      setting=  58    0.285 bpp  CR=  84.13  PSNR= 25.92 dB
    avif      setting=  54    0.408 bpp  CR=  58.89  PSNR= 27.58 dB
    avif      setting=  50    0.527 bpp  CR=  45.51  PSNR= 29.00 dB
    avif      setting=  46    0.665 bpp  CR=  36.08  PSNR= 30.40 dB
    avif      setting=  42    0.838 bpp  CR=  28.65  PSNR= 31.87 dB
    avif      setting=  36    1.166 bpp  CR=  20.58  PSNR= 34.14 dB
    avif      setting=  30    1.619 bpp  CR=  14.82  PSNR= 36.52 dB
    avif      setting=  24    2.157 bpp  CR=  11.13  PSNR= 38.85 dB
    avif      setting=  18    2.650 bpp  CR=   9.06  PSNR= 40.64 dB
    avif      setting=  12    3.419 bpp  CR=   7.02  PSNR= 43.12 dB
    avif      setting=   8    4.360 bpp  CR=   5.50  PSNR= 45.61 dB

wrote temp/reference_codecs_800x608_16img.json
